// Jest Snapshot v1, https://goo.gl/fbAQLP

exports[`diffFiles works from scratch 1`] = `
{
  ".dockerignore": {
    "data": "# managed by skuba
.gantry/
.git/
.idea/
.serverless/
.vscode/
node_modules*/

/coverage*/
/dist*/
/lib*/
/tmp*/

.DS_Store
npm-debug.log
yarn-error.log
# end managed by skuba
",
    "operation": "A",
  },
  ".eslintignore": {
    "data": "# managed by skuba
.idea/*
.vscode/*

.cdk.staging/
.pnpm-store/
.serverless/
cdk.out/
node_modules*/

/coverage*/
/dist*/
/lib*/
/tmp*/
# end managed by skuba
",
    "operation": "A",
  },
  ".eslintrc.js": {
    "data": "module.exports = {
  extends: ['skuba'],
};
",
    "operation": "A",
  },
  ".github/renovate.json5": {
    "data": "{
  extends: ['github>seek-oss/rynovate'],
}
",
    "operation": "A",
  },
  ".gitignore": {
    "data": "# managed by skuba
.idea/*
.vscode/*
!.vscode/extensions.json

.cdk.staging/
.serverless/
cdk.out/
node_modules*/

/coverage*/
/dist*/
/lib*/
/tmp*/

.DS_Store
.eslintcache
.pnpm-debug.log
*.tgz
*.tsbuildinfo
npm-debug.log
package-lock.json
yarn-error.log
# end managed by skuba
",
    "operation": "A",
  },
  ".prettierignore": {
    "data": "# managed by skuba
# Gantry resource files support non-standard template syntax
/.gantry/**/*.yaml
/.gantry/**/*.yml
gantry*.yaml
gantry*.yml
pnpm-lock.yaml
coverage
# end managed by skuba
",
    "operation": "A",
  },
  ".prettierrc.js": {
    "data": "module.exports = require('skuba/config/prettier');
",
    "operation": "A",
  },
  "jest.config.ts": {
    "data": "import { Jest } from 'skuba';

export default Jest.mergePreset({
  coveragePathIgnorePatterns: ['src/testing'],
  coverageThreshold: {
    global: {
      branches: 0,
      functions: 0,
      lines: 0,
      statements: 0,
    },
  },
  setupFiles: ['<rootDir>/jest.setup.ts'],
  testPathIgnorePatterns: ['/test\\\\.ts'],
});
",
    "operation": "A",
  },
  "jest.setup.ts": {
    "data": "process.env.ENVIRONMENT = 'test';

export {};
",
    "operation": "A",
  },
  "package.json": {
    "data": "{
  "private": true,
  "license": "UNLICENSED",
  "scripts": {
    "build": "skuba build",
    "format": "skuba format",
    "lint": "skuba lint",
    "start": "skuba start",
    "test": "skuba test --coverage",
    "test:watch": "skuba test --watch"
  },
  "skuba": {
    "entryPoint": "src/app.ts",
    "template": null,
    "type": "application",
    "version": "0.0.0-semantically-released"
  }
}
",
    "operation": "A",
  },
}
`;
