// Jest Snapshot v1, https://goo.gl/fbAQLP

exports[`fixable 1`] = `
"
skuba lints
Updating skuba...

Patch skipped: Add empty exports to Jest files for compliance with TypeScript isolated modules

Patch skipped: Update Renovate config to support private SEEK packages - owner does not map to a SEEK preset

Patch skipped: Upgrade Node.js Distroless Docker image to -debian12 variant - no Dockerfile found

Patch skipped: Add keepAliveTimeout to server listener - no listener file found

Patch skipped: Move .npmrc out of the .gitignore managed section - no .gitignore file found

Patch skipped: Move .npmrc out of the .dockerignore managed section - no .dockerignore file found

Patch skipped: Ensure the pnpm package manager version specified in package.json is used in Dockerfiles - no packageManager declaration in package.json found

Patch skipped: Remove version field from docker-compose files - no docker-compose files found

skuba update complete.

Refreshed .eslintignore. refresh-config-files
Refreshed .gitignore. refresh-config-files
Refreshed .prettierignore. refresh-config-files
Refreshed .npmrc. refresh-config-files
Refreshed .dockerignore. refresh-config-files
Processed skuba lints in <random>s.

ESLint
Processed 4 files in <random>s.

Prettier
Processed 8 files in <random>s.
Formatted 3 files:
b.md
c.json
d.js
"
`;

exports[`fixable 2`] = `
"
a/a/a.ts
--------
@@ -1,4 +1,4 @@
  // Imports out-of-order
- import path from 'path';
  import fs from 'fs';
+ import path from 'path';


b.md
----
@@ -2,3 +2,3 @@

- Trailing space 
+ Trailing space


c.json
------
@@ -2,3 +2,3 @@
    "key": "value"
-   }
+ }


d.js
----
  // eslint-disable-next-line no-console
-     console.log(process.argv);
+ console.log(process.argv);
"
`;

exports[`ok --debug 1`] = `
"
skuba lints
Updating skuba...

Patch skipped: Add empty exports to Jest files for compliance with TypeScript isolated modules

Patch skipped: Update Renovate config to support private SEEK packages - owner does not map to a SEEK preset

Patch skipped: Upgrade Node.js Distroless Docker image to -debian12 variant - no Dockerfile found

Patch skipped: Add keepAliveTimeout to server listener - no listener file found

Patch skipped: Move .npmrc out of the .gitignore managed section - no .gitignore file found

Patch skipped: Move .npmrc out of the .dockerignore managed section - no .dockerignore file found

Patch skipped: Ensure the pnpm package manager version specified in package.json is used in Dockerfiles - no packageManager declaration in package.json found

Patch skipped: Remove version field from docker-compose files - no docker-compose files found

skuba update complete.

Refreshed .eslintignore. refresh-config-files
Refreshed .gitignore. refresh-config-files
Refreshed .prettierignore. refresh-config-files
Refreshed .npmrc. refresh-config-files
Refreshed .dockerignore. refresh-config-files
Processed skuba lints in <random>s.

ESLint
Initialising ESLint...
Processing files...
Processed 2 files in <random>s.
○ a/a/a.ts
○ d.js

Prettier
Initialising Prettier...
Detected project root: <random>
Discovering files...
Discovered 11 files.
Formatting files...
.dockerignore
  parser: -
.eslintignore
  parser: -
.gitignore
  parser: -
.npmrc
  parser: -
.prettierignore
  parser: -
b.md
  parser: markdown
c.json
  parser: json
d.js
  parser: babel
package.json
  parser: json-stringify
tsconfig.json
  parser: json
a/a/a.ts
  parser: typescript
Processed 6 files in <random>s.
"
`;

exports[`ok --debug 2`] = `
"
"
`;

exports[`ok 1`] = `
"
skuba lints
Updating skuba...

Patch skipped: Add empty exports to Jest files for compliance with TypeScript isolated modules

Patch skipped: Update Renovate config to support private SEEK packages - owner does not map to a SEEK preset

Patch skipped: Upgrade Node.js Distroless Docker image to -debian12 variant - no Dockerfile found

Patch skipped: Add keepAliveTimeout to server listener - no listener file found

Patch skipped: Move .npmrc out of the .gitignore managed section - no .gitignore file found

Patch skipped: Move .npmrc out of the .dockerignore managed section - no .dockerignore file found

Patch skipped: Ensure the pnpm package manager version specified in package.json is used in Dockerfiles - no packageManager declaration in package.json found

Patch skipped: Remove version field from docker-compose files - no docker-compose files found

skuba update complete.

Refreshed .eslintignore. refresh-config-files
Refreshed .gitignore. refresh-config-files
Refreshed .prettierignore. refresh-config-files
Refreshed .npmrc. refresh-config-files
Refreshed .dockerignore. refresh-config-files
Processed skuba lints in <random>s.

ESLint
Processed 2 files in <random>s.

Prettier
Processed 6 files in <random>s.
"
`;

exports[`ok 2`] = `
"
"
`;

exports[`unfixable 1`] = `
"
skuba lints
Updating skuba...

Patch skipped: Add empty exports to Jest files for compliance with TypeScript isolated modules

Patch skipped: Update Renovate config to support private SEEK packages - owner does not map to a SEEK preset

Patch skipped: Upgrade Node.js Distroless Docker image to -debian12 variant - no Dockerfile found

Patch skipped: Add keepAliveTimeout to server listener - no listener file found

Patch skipped: Move .npmrc out of the .gitignore managed section - not ignored

Patch skipped: Move .npmrc out of the .dockerignore managed section - no .dockerignore file found

Patch skipped: Ensure the pnpm package manager version specified in package.json is used in Dockerfiles - no packageManager declaration in package.json found

Patch skipped: Remove version field from docker-compose files - no docker-compose files found

skuba update complete.

Refreshed .eslintignore. refresh-config-files
Refreshed .gitignore. refresh-config-files
Refreshed .prettierignore. refresh-config-files
Refreshed .npmrc. refresh-config-files
Processed skuba lints in <random>s.

ESLint
Processed 2 files in <random>s.

<random>/a/a/a.ts
  8:3  error  Unexpected console statement  no-console

<random>/d.js
  1:0  error  Parsing error: Unexpected token (1:0)

✖ 2 problems (2 errors, 0 warnings)


Prettier
Processed 6 files in <random>s.
Formatted 1 file:
a/a/a.ts
Flagged 1 file:
d.js SyntaxError: Unexpected token (1:1)
> 1 | }
    | ^
  2 |

ESLint, Prettier found issues that require triage.
"
`;

exports[`unfixable 2`] = `
"
a/a/a.ts
--------
@@ -1,4 +1,4 @@
  // Imports out-of-order
- import path from 'path';
  import fs from 'fs';
+ import path from 'path';

@@ -7,3 +7,3 @@

-   console.log('I forgot to remove this')
+   console.log('I forgot to remove this');
  };"
`;
